// Jest Snapshot v1, https://goo.gl/fbAQLP

exports[`sds decimalToHex 1`] = `2`;
